0/0 downloaded. 0 failed
[A0/0 downloaded. 0 failed
