plugin2[namespace: default]: can't download
1/3 downloaded. 1 failed
