1/2 downloaded. 0 failed
[A2/2 downloaded. 0 failed
